// Jest Snapshot v1, https://goo.gl/fbAQLP

exports[`Salary renders correctly 1`] = `
<div>
  <div
    class="MuiBox-root css-1v5z18m"
  >
    <h3>
      Salary Happiness Tool
    </h3>
    <span
      class="MuiSlider-root MuiSlider-colorPrimary MuiSlider-sizeMedium css-187mznn-MuiSlider-root"
      data-testid="salaryValue"
    >
      <span
        class="MuiSlider-rail css-14pt78w-MuiSlider-rail"
      />
      <span
        class="MuiSlider-track css-1gv0vcd-MuiSlider-track"
        style="left: 0%; width: 31.25%;"
      />
      <span
        class="MuiSlider-thumb MuiSlider-thumbSizeMedium MuiSlider-thumbColorPrimary MuiSlider-thumb MuiSlider-thumbSizeMedium MuiSlider-thumbColorPrimary css-eg0mwd-MuiSlider-thumb"
        data-index="0"
        style="left: 31.25%;"
      >
        <input
          aria-label="Default"
          aria-orientation="horizontal"
          aria-valuemax="120000"
          aria-valuemin="40000"
          aria-valuenow="65000"
          data-index="0"
          max="120000"
          min="40000"
          step="5000"
          style="border: 0px; height: 100%; margin: -1px; overflow: hidden; padding: 0px; position: absolute; white-space: nowrap; width: 100%; direction: ltr;"
          type="range"
          value="65000"
        />
        <span
          aria-hidden="true"
          class="MuiSlider-valueLabel css-nnid7-MuiSlider-valueLabel"
        >
          <span
            class="MuiSlider-valueLabelCircle"
          >
            <span
              class="MuiSlider-valueLabelLabel"
            >
              65000
            </span>
          </span>
        </span>
      </span>
    </span>
    <label
      for="salaryValue"
    >
      ‚Ç¨65,000.00
    </label>
    <p>
      <strong>
        Happiness Score:
      </strong>
      <span
        class="text-3xl"
        data-testid="emoji"
        title="Getting there"
      >
         üòè
      </span>
    </p>
  </div>
</div>
`;
